
Pass 1
Line Statement                                Locn Opcode Addr  T  S          Dec Sex       Hex      
---- ---------                                ---- ------ ----  -  -          --- ---       ---      
   1 ; sim_test5.asm                          
   2 ; test arithmetic instructions           
   3 ; s                                      
   4 start:                                   
   5 b val1 ; get a value                     
   6 s val2 ; a simple subtraction            
   7 h out1 ; -6 at q = 7                     
   8 b val1 ; get a value                     
   9 s val3 ; another simple subtraction      
  10 h out1 ; 80 at q = 7                     
  11 b val4 ; get a value                     
  12 s val5 ; should overflow                 
  13 b val5 ; get a value                     
  14 s val4 ; should overflow - *** doesn't * 
  15 b val5 ; get a value                     
  16 s val14 ; should definitely overflow - * 
  17 b val6 ; get a value                     
  18 s val7 ; should overflow                 
  19 b val6 ; get a value                     
  20 s val8 ; should overflow                 
  21 b val9 ; get a value                     
  22 s val10 ; should overflow - *** doesn't  
  23 b val9 ; get a value                     
  24 s val15 ; should definitiely overflow -  
  25 z 0                                      
  26                                          
  27 .locn 2000                               locn = 2000
  28 val1: .atq 37 7                          
  29 val2: .atq 43 7                          
  30 val3: .atq -43 7                         
  31 val4: .atq 0.5 0                         
  32 val5: .atq -0.5 0                        
  33 val6: .atq 0.999999 0  ; close to overfl 
  34 val7: .atq -0.000001 0  ; should tip int 
  35 val8: .atq -0.0000011 0 ; should definit 
  36 val9: .atq -0.999999 0 ; close to overfl 
  37 val10: .atq 0.000001 0 ; should tip into 
  38 val14: .atq 0.5000001 0 ; should tip int 
  39 val15: .atq 0.0000011 0 ; should definit 
  40                                          
  41 .locn 3000                               locn = 3000
  42 out1: .word 0                            
  43                                          
  44 .end start                               

Symbol Table:
------ ------
start        :            0
val1         :         2000
val2         :         2001
val3         :         2002
val4         :         2003
val5         :         2004
val6         :         2005
val7         :         2006
val8         :         2007
val9         :         2008
val10        :         2009
val14        :         2010
val15        :         2011
out1         :         3000

Pass 2
Line Statement                                Locn Opcode Addr  T  S          Dec Sex       Hex      
---- ---------                                ---- ------ ----  -  -          --- ---       ---      
   1 ; sim_test5.asm                          
   2 ; test arithmetic instructions           
   3 ; s                                      
   4 start:                                   
   5 b val1 ; get a value                        0 b      2000 31 16        73536 0001 1w40 0001 1f40
   6 s val2 ; a simple subtraction               1 s      2001 31 17       991044 000w 1w44 000f 1f44
   7 h out1 ; -6 at q = 7                        2 h      3000 46 56       798432 000j 2qq0 000c 2ee0
   8 b val1 ; get a value                        3 b      2000 31 16        73536 0001 1w40 0001 1f40
   9 s val3 ; another simple subtraction         4 s      2002 31 18       991048 000w 1w48 000f 1f48
  10 h out1 ; 80 at q = 7                        5 h      3000 46 56       798432 000j 2qq0 000c 2ee0
  11 b val4 ; get a value                        6 b      2003 31 19        73548 0001 1w4j 0001 1f4c
  12 s val5 ; should overflow                    7 s      2004 31 20       991056 000w 1w50 000f 1f50
  13 b val5 ; get a value                        8 b      2004 31 20        73552 0001 1w50 0001 1f50
  14 s val4 ; should overflow - *** doesn't *    9 s      2003 31 19       991052 000w 1w4j 000f 1f4c
  15 b val5 ; get a value                       10 b      2004 31 20        73552 0001 1w50 0001 1f50
  16 s val14 ; should definitely overflow - *   11 s      2010 31 26       991080 000w 1w68 000f 1f68
  17 b val6 ; get a value                       12 b      2005 31 21        73556 0001 1w54 0001 1f54
  18 s val7 ; should overflow                   13 s      2006 31 22       991064 000w 1w58 000f 1f58
  19 b val6 ; get a value                       14 b      2005 31 21        73556 0001 1w54 0001 1f54
  20 s val8 ; should overflow                   15 s      2007 31 23       991068 000w 1w5j 000f 1f5c
  21 b val9 ; get a value                       16 b      2008 31 24        73568 0001 1w60 0001 1f60
  22 s val10 ; should overflow - *** doesn't    17 s      2009 31 25       991076 000w 1w64 000f 1f64
  23 b val9 ; get a value                       18 b      2008 31 24        73568 0001 1w60 0001 1f60
  24 s val15 ; should definitiely overflow -    19 s      2011 31 27       991084 000w 1w6j 000f 1f6c
  25 z 0                                        20 z         0  0  0            0 0000 0000 0000 0000
  26                                          
  27 .locn 2000                               locn = 2000
  28 val1: .atq 37 7                          2000                      620756992 2500 0000 2500 0000
  29 val2: .atq 43 7                          2001                      721420288 2g00 0000 2b00 0000
  30 val3: .atq -43 7                         2002                     3573547008 k500 0000 d500 0000
  31 val4: .atq 0.5 0                         2003                     1073741824 4000 0000 4000 0000
  32 val5: .atq -0.5 0                        2004                     3221225472 j000 0000 c000 0000
  33 val6: .atq 0.999999 0  ; close to overfl 2005                     2147481500 7www w79j 7fff f79c
  34 val7: .atq -0.000001 0  ; should tip int 2006                     4294965148 wwww w79j ffff f79c
  35 val8: .atq -0.0000011 0 ; should definit 2007                     4294964934 wwww w6j6 ffff f6c6
  36 val9: .atq -0.999999 0 ; close to overfl 2008                     2147485796 8000 0864 8000 0864
  37 val10: .atq 0.000001 0 ; should tip into 2009                           2146 0000 0862 0000 0862
  38 val14: .atq 0.5000001 0 ; should tip int 2010                     1073742038 4000 00k6 4000 00d6
  39 val15: .atq 0.0000011 0 ; should definit 2011                           2362 0000 093f 0000 093a
  40                                          
  41 .locn 3000                               locn = 3000
  42 out1: .word 0                            3000                              0 0000 0000 0000 0000
  43                                          
  44 .end start                               Start: 0

Symbol Table:
------ ------
start        :            0
val1         :         2000
val2         :         2001
val3         :         2002
val4         :         2003
val5         :         2004
val6         :         2005
val7         :         2006
val8         :         2007
val9         :         2008
val10        :         2009
val14        :         2010
val15        :         2011
out1         :         3000
